<?xml version="1.0" encoding="utf-8"?><testsuites><testsuite name="pytest" errors="0" failures="0" skipped="2" tests="48" time="5.101" timestamp="2025-04-15T20:58:06.111839-07:00" hostname="DN0a1e29d0.SUNet"><testcase classname="tests.test_data" name="test_get_batch" time="0.083" /><testcase classname="tests.test_model" name="test_linear" time="0.020" /><testcase classname="tests.test_model" name="test_embedding" time="0.014" /><testcase classname="tests.test_model" name="test_swiglu" time="0.408" /><testcase classname="tests.test_model" name="test_scaled_dot_product_attention" time="0.006" /><testcase classname="tests.test_model" name="test_4d_scaled_dot_product_attention" time="0.003" /><testcase classname="tests.test_model" name="test_multihead_self_attention" time="0.011" /><testcase classname="tests.test_model" name="test_multihead_self_attention_with_rope" time="0.012" /><testcase classname="tests.test_model" name="test_transformer_lm" time="0.059" /><testcase classname="tests.test_model" name="test_transformer_lm_truncated_input" time="0.030" /><testcase classname="tests.test_model" name="test_transformer_block" time="0.008" /><testcase classname="tests.test_model" name="test_rmsnorm" time="0.003" /><testcase classname="tests.test_model" name="test_rope" time="0.002" /><testcase classname="tests.test_model" name="test_silu_matches_pytorch" time="0.001" /><testcase classname="tests.test_nn_utils" name="test_softmax_matches_pytorch" time="0.001" /><testcase classname="tests.test_nn_utils" name="test_cross_entropy" time="0.004" /><testcase classname="tests.test_nn_utils" name="test_gradient_clipping" time="0.005" /><testcase classname="tests.test_optimizer" name="test_adamw" time="0.187" /><testcase classname="tests.test_optimizer" name="test_get_lr_cosine_schedule" time="0.000" /><testcase classname="tests.test_serialization" name="test_checkpointing" time="0.015" /><testcase classname="tests.test_tokenizer" name="test_roundtrip_empty" time="0.085" /><testcase classname="tests.test_tokenizer" name="test_empty_matches_tiktoken" time="0.245" /><testcase classname="tests.test_tokenizer" name="test_roundtrip_single_character" time="0.081" /><testcase classname="tests.test_tokenizer" name="test_single_character_matches_tiktoken" time="0.079" /><testcase classname="tests.test_tokenizer" name="test_roundtrip_single_unicode_character" time="0.080" /><testcase classname="tests.test_tokenizer" name="test_single_unicode_character_matches_tiktoken" time="0.080" /><testcase classname="tests.test_tokenizer" name="test_roundtrip_ascii_string" time="0.080" /><testcase classname="tests.test_tokenizer" name="test_ascii_string_matches_tiktoken" time="0.084" /><testcase classname="tests.test_tokenizer" name="test_roundtrip_unicode_string" time="0.079" /><testcase classname="tests.test_tokenizer" name="test_unicode_string_matches_tiktoken" time="0.080" /><testcase classname="tests.test_tokenizer" name="test_roundtrip_unicode_string_with_special_tokens" time="0.078" /><testcase classname="tests.test_tokenizer" name="test_unicode_string_with_special_tokens_matches_tiktoken" time="0.078" /><testcase classname="tests.test_tokenizer" name="test_overlapping_special_tokens" time="0.079" /><testcase classname="tests.test_tokenizer" name="test_address_roundtrip" time="0.078" /><testcase classname="tests.test_tokenizer" name="test_address_matches_tiktoken" time="0.078" /><testcase classname="tests.test_tokenizer" name="test_german_roundtrip" time="0.077" /><testcase classname="tests.test_tokenizer" name="test_german_matches_tiktoken" time="0.077" /><testcase classname="tests.test_tokenizer" name="test_tinystories_sample_roundtrip" time="0.080" /><testcase classname="tests.test_tokenizer" name="test_tinystories_matches_tiktoken" time="0.082" /><testcase classname="tests.test_tokenizer" name="test_encode_special_token_trailing_newlines" time="0.079" /><testcase classname="tests.test_tokenizer" name="test_encode_special_token_double_newline_non_whitespace" time="0.078" /><testcase classname="tests.test_tokenizer" name="test_encode_iterable_tinystories_sample_roundtrip" time="0.081" /><testcase classname="tests.test_tokenizer" name="test_encode_iterable_tinystories_matches_tiktoken" time="0.082" /><testcase classname="tests.test_tokenizer" name="test_encode_iterable_memory_usage" time="0.000"><skipped type="pytest.skip" message="rlimit support for non-linux systems is spotty.">/Users/christineye/cs336/assignment1-basics/tests/test_tokenizer.py:416: rlimit support for non-linux systems is spotty.</skipped></testcase><testcase classname="tests.test_tokenizer" name="test_encode_memory_usage" time="0.000"><skipped type="pytest.skip" message="rlimit support for non-linux systems is spotty.">/Users/christineye/cs336/assignment1-basics/tests/test_tokenizer.py:431: rlimit support for non-linux systems is spotty.</skipped></testcase><testcase classname="tests.test_train_bpe" name="test_train_bpe_speed" time="0.394" /><testcase classname="tests.test_train_bpe" name="test_train_bpe" time="0.437" /><testcase classname="tests.test_train_bpe" name="test_train_bpe_special_tokens" time="1.302" /></testsuite></testsuites>